Nov  2 19:21:55 debian kernel: [    0.000000] Linux version 4.19.0-18-amd64 (debian-kernel@lists.debian.org) (gcc version 8.3.0 (Debian 8.3.0-6)) #1 SMP Debian 4.19.208-1 (2021-09-29)
Nov  2 19:21:55 debian kernel: [    0.000000] Command line: BOOT_IMAGE=/boot/vmlinuz-4.19.0-18-amd64 root=UUID=0a54a773-6a1e-4bcd-94d9-26e1d587b754 ro quiet
Nov  2 19:21:55 debian kernel: [    0.000000] x86/fpu: Supporting XSAVE feature 0x001: 'x87 floating point registers'
Nov  2 19:21:55 debian kernel: [    0.000000] x86/fpu: Supporting XSAVE feature 0x002: 'SSE registers'
Nov  2 19:21:55 debian kernel: [    0.000000] x86/fpu: Supporting XSAVE feature 0x004: 'AVX registers'
Nov  2 19:21:55 debian kernel: [    0.000000] x86/fpu: xstate_offset[2]:  576, xstate_sizes[2]:  256
Nov  2 19:21:55 debian kernel: [    0.000000] x86/fpu: Enabled xstate features 0x7, context size is 832 bytes, using 'standard' format.
Nov  2 19:21:55 debian kernel: [    0.000000] BIOS-provided physical RAM map:
Nov  2 19:21:55 debian kernel: [    0.000000] BIOS-e820: [mem 0x0000000000000000-0x000000000009fbff] usable
Nov  2 19:21:55 debian kernel: [    0.000000] BIOS-e820: [mem 0x000000000009fc00-0x000000000009ffff] reserved
Nov  2 19:21:55 debian kernel: [    0.000000] BIOS-e820: [mem 0x00000000000f0000-0x00000000000fffff] reserved
Nov  2 19:21:55 debian kernel: [    0.000000] BIOS-e820: [mem 0x0000000000100000-0x00000000dffeffff] usable
Nov  2 19:21:55 debian kernel: [    0.000000] BIOS-e820: [mem 0x00000000dfff0000-0x00000000dfffffff] ACPI data
Nov  2 19:21:55 debian kernel: [    0.000000] BIOS-e820: [mem 0x00000000fec00000-0x00000000fec00fff] reserved
Nov  2 19:21:55 debian kernel: [    0.000000] BIOS-e820: [mem 0x00000000fee00000-0x00000000fee00fff] reserved
Nov  2 19:21:55 debian kernel: [    0.000000] BIOS-e820: [mem 0x00000000fffc0000-0x00000000ffffffff] reserved
Nov  2 19:21:55 debian kernel: [    0.000000] BIOS-e820: [mem 0x0000000100000000-0x000000021fffffff] usable
Nov  2 19:21:55 debian kernel: [    0.000000] NX (Execute Disable) protection: active
Nov  2 19:21:55 debian kernel: [    0.000000] SMBIOS 2.5 present.
Nov  2 19:21:55 debian kernel: [    0.000000] DMI: innotek GmbH VirtualBox/VirtualBox, BIOS VirtualBox 12/01/2006
Nov  2 19:21:55 debian kernel: [    0.000000] Hypervisor detected: KVM
Nov  2 19:21:55 debian kernel: [    0.000000] kvm-clock: Using msrs 4b564d01 and 4b564d00
Nov  2 19:21:55 debian kernel: [    0.000000] kvm-clock: cpu 0, msr 1921ec001, primary cpu clock
Nov  2 19:21:55 debian kernel: [    0.000000] kvm-clock: using sched offset of 6852335523 cycles
Nov  2 19:21:55 debian kernel: [    0.000003] clocksource: kvm-clock: mask: 0xffffffffffffffff max_cycles: 0x1cd42e4dffb, max_idle_ns: 881590591483 ns
Nov  2 19:21:55 debian kernel: [    0.000005] tsc: Detected 3999.994 MHz processor
Nov  2 19:21:55 debian kernel: [    0.002943] e820: update [mem 0x00000000-0x00000fff] usable ==> reserved
Nov  2 19:21:55 debian kernel: [    0.002945] e820: remove [mem 0x000a0000-0x000fffff] usable
Nov  2 19:21:55 debian kernel: [    0.002952] last_pfn = 0x220000 max_arch_pfn = 0x400000000
Nov  2 19:21:55 debian kernel: [    0.002963] MTRR default type: uncachable
Nov  2 19:21:55 debian kernel: [    0.002964] MTRR variable ranges disabled:
Nov  2 19:21:55 debian kernel: [    0.002965] Disabled
Nov  2 19:21:55 debian kernel: [    0.002967] x86/PAT: MTRRs disabled, skipping PAT initialization too.
Nov  2 19:21:55 debian kernel: [    0.002969] CPU MTRRs all blank - virtualized system.
Nov  2 19:21:55 debian kernel: [    0.002973] x86/PAT: Configuration [0-7]: WB  WT  UC- UC  WB  WT  UC- UC  
Nov  2 19:21:55 debian kernel: [    0.002977] last_pfn = 0xdfff0 max_arch_pfn = 0x400000000
Nov  2 19:21:55 debian kernel: [    0.003020] found SMP MP-table at [mem 0x0009fff0-0x0009ffff]
Nov  2 19:21:55 debian kernel: [    0.099910] RAMDISK: [mem 0x34e69000-0x3672bfff]
Nov  2 19:21:55 debian kernel: [    0.099914] ACPI: Early table checksum verification disabled
Nov  2 19:21:55 debian kernel: [    0.099929] ACPI: RSDP 0x00000000000E0000 000024 (v02 VBOX  )
Nov  2 19:21:55 debian kernel: [    0.099933] ACPI: XSDT 0x00000000DFFF0030 00003C (v01 VBOX   VBOXXSDT 00000001 ASL  00000061)
Nov  2 19:21:55 debian kernel: [    0.099940] ACPI: FACP 0x00000000DFFF00F0 0000F4 (v04 VBOX   VBOXFACP 00000001 ASL  00000061)
Nov  2 19:21:55 debian kernel: [    0.099947] ACPI: DSDT 0x00000000DFFF0480 002325 (v02 VBOX   VBOXBIOS 00000002 INTL 20100528)
Nov  2 19:21:55 debian kernel: [    0.099952] ACPI: FACS 0x00000000DFFF0200 000040
Nov  2 19:21:55 debian kernel: [    0.099956] ACPI: FACS 0x00000000DFFF0200 000040
Nov  2 19:21:55 debian kernel: [    0.099960] ACPI: APIC 0x00000000DFFF0240 00006C (v02 VBOX   VBOXAPIC 00000001 ASL  00000061)
Nov  2 19:21:55 debian kernel: [    0.099965] ACPI: SSDT 0x00000000DFFF02B0 0001CC (v01 VBOX   VBOXCPUT 00000002 INTL 20100528)
Nov  2 19:21:55 debian kernel: [    0.099970] ACPI: Reserving FACP table memory at [mem 0xdfff00f0-0xdfff01e3]
Nov  2 19:21:55 debian kernel: [    0.099972] ACPI: Reserving DSDT table memory at [mem 0xdfff0480-0xdfff27a4]
Nov  2 19:21:55 debian kernel: [    0.099973] ACPI: Reserving FACS table memory at [mem 0xdfff0200-0xdfff023f]
Nov  2 19:21:55 debian kernel: [    0.099975] ACPI: Reserving FACS table memory at [mem 0xdfff0200-0xdfff023f]
Nov  2 19:21:55 debian kernel: [    0.099977] ACPI: Reserving APIC table memory at [mem 0xdfff0240-0xdfff02ab]
Nov  2 19:21:55 debian kernel: [    0.099978] ACPI: Reserving SSDT table memory at [mem 0xdfff02b0-0xdfff047b]
Nov  2 19:21:55 debian kernel: [    0.099994] ACPI: Local APIC address 0xfee00000
Nov  2 19:21:55 debian kernel: [    0.100549] No NUMA configuration found
Nov  2 19:21:55 debian kernel: [    0.100551] Faking a node at [mem 0x0000000000000000-0x000000021fffffff]
Nov  2 19:21:55 debian kernel: [    0.100555] NODE_DATA(0) allocated [mem 0x21fff7000-0x21fffbfff]
Nov  2 19:21:55 debian kernel: [    0.100620] Zone ranges:
Nov  2 19:21:55 debian kernel: [    0.100621]   DMA      [mem 0x0000000000001000-0x0000000000ffffff]
Nov  2 19:21:55 debian kernel: [    0.100623]   DMA32    [mem 0x0000000001000000-0x00000000ffffffff]
Nov  2 19:21:55 debian kernel: [    0.100624]   Normal   [mem 0x0000000100000000-0x000000021fffffff]
Nov  2 19:21:55 debian kernel: [    0.100626]   Device   empty
Nov  2 19:21:55 debian kernel: [    0.100627] Movable zone start for each node
Nov  2 19:21:55 debian kernel: [    0.100629] Early memory node ranges
Nov  2 19:21:55 debian kernel: [    0.100630]   node   0: [mem 0x0000000000001000-0x000000000009efff]
Nov  2 19:21:55 debian kernel: [    0.100632]   node   0: [mem 0x0000000000100000-0x00000000dffeffff]
Nov  2 19:21:55 debian kernel: [    0.100633]   node   0: [mem 0x0000000100000000-0x000000021fffffff]
Nov  2 19:21:55 debian kernel: [    0.100645] Zeroed struct page in unavailable ranges: 114 pages
Nov  2 19:21:55 debian kernel: [    0.100646] Initmem setup node 0 [mem 0x0000000000001000-0x000000021fffffff]
Nov  2 19:21:55 debian kernel: [    0.100648] On node 0 totalpages: 2097038
Nov  2 19:21:55 debian kernel: [    0.100649]   DMA zone: 64 pages used for memmap
Nov  2 19:21:55 debian kernel: [    0.100650]   DMA zone: 21 pages reserved
Nov  2 19:21:55 debian kernel: [    0.100652]   DMA zone: 3998 pages, LIFO batch:0
Nov  2 19:21:55 debian kernel: [    0.100802]   DMA32 zone: 14272 pages used for memmap
Nov  2 19:21:55 debian kernel: [    0.100804]   DMA32 zone: 913392 pages, LIFO batch:63
Nov  2 19:21:55 debian kernel: [    0.135527]   Normal zone: 18432 pages used for memmap
Nov  2 19:21:55 debian kernel: [    0.135530]   Normal zone: 1179648 pages, LIFO batch:63
Nov  2 19:21:55 debian kernel: [    0.179145] ACPI: PM-Timer IO Port: 0x4008
Nov  2 19:21:55 debian kernel: [    0.179149] ACPI: Local APIC address 0xfee00000
Nov  2 19:21:55 debian kernel: [    0.179244] IOAPIC[0]: apic_id 4, version 32, address 0xfec00000, GSI 0-23
Nov  2 19:21:55 debian kernel: [    0.179247] ACPI: INT_SRC_OVR (bus 0 bus_irq 0 global_irq 2 dfl dfl)
Nov  2 19:21:55 debian kernel: [    0.179249] ACPI: INT_SRC_OVR (bus 0 bus_irq 9 global_irq 9 low level)
Nov  2 19:21:55 debian kernel: [    0.179251] ACPI: IRQ0 used by override.
Nov  2 19:21:55 debian kernel: [    0.179252] ACPI: IRQ9 used by override.
Nov  2 19:21:55 debian kernel: [    0.179255] Using ACPI (MADT) for SMP configuration information
Nov  2 19:21:55 debian kernel: [    0.179263] smpboot: Allowing 4 CPUs, 0 hotplug CPUs
Nov  2 19:21:55 debian kernel: [    0.179289] PM: Registered nosave memory: [mem 0x00000000-0x00000fff]
Nov  2 19:21:55 debian kernel: [    0.179291] PM: Registered nosave memory: [mem 0x0009f000-0x0009ffff]
Nov  2 19:21:55 debian kernel: [    0.179293] PM: Registered nosave memory: [mem 0x000a0000-0x000effff]
Nov  2 19:21:55 debian kernel: [    0.179294] PM: Registered nosave memory: [mem 0x000f0000-0x000fffff]
Nov  2 19:21:55 debian kernel: [    0.179296] PM: Registered nosave memory: [mem 0xdfff0000-0xdfffffff]
Nov  2 19:21:55 debian kernel: [    0.179298] PM: Registered nosave memory: [mem 0xe0000000-0xfebfffff]
Nov  2 19:21:55 debian kernel: [    0.179299] PM: Registered nosave memory: [mem 0xfec00000-0xfec00fff]
Nov  2 19:21:55 debian kernel: [    0.179300] PM: Registered nosave memory: [mem 0xfec01000-0xfedfffff]
Nov  2 19:21:55 debian kernel: [    0.179302] PM: Registered nosave memory: [mem 0xfee00000-0xfee00fff]
Nov  2 19:21:55 debian kernel: [    0.179303] PM: Registered nosave memory: [mem 0xfee01000-0xfffbffff]
Nov  2 19:21:55 debian kernel: [    0.179304] PM: Registered nosave memory: [mem 0xfffc0000-0xffffffff]
Nov  2 19:21:55 debian kernel: [    0.179307] [mem 0xe0000000-0xfebfffff] available for PCI devices
Nov  2 19:21:55 debian kernel: [    0.179308] Booting paravirtualized kernel on KVM
Nov  2 19:21:55 debian kernel: [    0.179310] clocksource: refined-jiffies: mask: 0xffffffff max_cycles: 0xffffffff, max_idle_ns: 7645519600211568 ns
Nov  2 19:21:55 debian kernel: [    0.479444] random: get_random_bytes called from start_kernel+0x93/0x52a with crng_init=0
Nov  2 19:21:55 debian kernel: [    0.479454] setup_percpu: NR_CPUS:512 nr_cpumask_bits:512 nr_cpu_ids:4 nr_node_ids:1
Nov  2 19:21:55 debian kernel: [    0.479562] percpu: Embedded 45 pages/cpu s144536 r8192 d31592 u524288
Nov  2 19:21:55 debian kernel: [    0.479571] pcpu-alloc: s144536 r8192 d31592 u524288 alloc=1*2097152
Nov  2 19:21:55 debian kernel: [    0.479573] pcpu-alloc: [0] 0 1 2 3 
Nov  2 19:21:55 debian kernel: [    0.479625] PV qspinlock hash table entries: 256 (order: 0, 4096 bytes)
Nov  2 19:21:55 debian kernel: [    0.479630] Built 1 zonelists, mobility grouping on.  Total pages: 2064249
Nov  2 19:21:55 debian kernel: [    0.479631] Policy zone: Normal
Nov  2 19:21:55 debian kernel: [    0.479633] Kernel command line: BOOT_IMAGE=/boot/vmlinuz-4.19.0-18-amd64 root=UUID=0a54a773-6a1e-4bcd-94d9-26e1d587b754 ro quiet
Nov  2 19:21:55 debian kernel: [    0.482103] Calgary: detecting Calgary via BIOS EBDA area
Nov  2 19:21:55 debian kernel: [    0.482105] Calgary: Unable to locate Rio Grande table in EBDA - bailing!
Nov  2 19:21:55 debian kernel: [    0.510031] Memory: 8140156K/8388152K available (10252K kernel code, 1242K rwdata, 3332K rodata, 1596K init, 2260K bss, 247996K reserved, 0K cma-reserved)
Nov  2 19:21:55 debian kernel: [    0.510170] SLUB: HWalign=64, Order=0-3, MinObjects=0, CPUs=4, Nodes=1
Nov  2 19:21:55 debian kernel: [    0.510180] Kernel/User page tables isolation: enabled
Nov  2 19:21:55 debian kernel: [    0.510314] ftrace: allocating 32002 entries in 126 pages
Nov  2 19:21:55 debian kernel: [    0.534236] rcu: Hierarchical RCU implementation.
Nov  2 19:21:55 debian kernel: [    0.534238] rcu: 	RCU restricting CPUs from NR_CPUS=512 to nr_cpu_ids=4.
Nov  2 19:21:55 debian kernel: [    0.534240] rcu: Adjusting geometry for rcu_fanout_leaf=16, nr_cpu_ids=4
Nov  2 19:21:55 debian kernel: [    0.542139] NR_IRQS: 33024, nr_irqs: 456, preallocated irqs: 16
Nov  2 19:21:55 debian kernel: [    0.562116] Console: colour VGA+ 80x25
Nov  2 19:21:55 debian kernel: [    0.562120] console [tty0] enabled
Nov  2 19:21:55 debian kernel: [    0.562144] ACPI: Core revision 20180810
Nov  2 19:21:55 debian kernel: [    0.562296] APIC: Switch to symmetric I/O mode setup
Nov  2 19:21:55 debian kernel: [    0.562753] x2apic enabled
Nov  2 19:21:55 debian kernel: [    0.563192] Switched APIC routing to physical x2apic.
Nov  2 19:21:55 debian kernel: [    0.566505] ..TIMER: vector=0x30 apic1=0 pin1=2 apic2=-1 pin2=-1
Nov  2 19:21:55 debian kernel: [    0.566557] clocksource: tsc-early: mask: 0xffffffffffffffff max_cycles: 0x7350addb24f, max_idle_ns: 881590446805 ns
Nov  2 19:21:55 debian kernel: [    0.566569] Calibrating delay loop (skipped) preset value.. 7999.98 BogoMIPS (lpj=15999976)
Nov  2 19:21:55 debian kernel: [    0.566572] pid_max: default: 32768 minimum: 301
Nov  2 19:21:55 debian kernel: [    0.566614] Security Framework initialized
Nov  2 19:21:55 debian kernel: [    0.566616] Yama: disabled by default; enable with sysctl kernel.yama.*
Nov  2 19:21:55 debian kernel: [    0.566633] AppArmor: AppArmor initialized
Nov  2 19:21:55 debian kernel: [    0.567657] Dentry cache hash table entries: 1048576 (order: 11, 8388608 bytes)
Nov  2 19:21:55 debian kernel: [    0.568160] Inode-cache hash table entries: 524288 (order: 10, 4194304 bytes)
Nov  2 19:21:55 debian kernel: [    0.568185] Mount-cache hash table entries: 16384 (order: 5, 131072 bytes)
Nov  2 19:21:55 debian kernel: [    0.568204] Mountpoint-cache hash table entries: 16384 (order: 5, 131072 bytes)
Nov  2 19:21:55 debian kernel: [    0.568588] Last level iTLB entries: 4KB 1024, 2MB 1024, 4MB 1024
Nov  2 19:21:55 debian kernel: [    0.568589] Last level dTLB entries: 4KB 1024, 2MB 1024, 4MB 1024, 1GB 4
Nov  2 19:21:55 debian kernel: [    0.568591] Spectre V1 : Mitigation: usercopy/swapgs barriers and __user pointer sanitization
Nov  2 19:21:55 debian kernel: [    0.568592] Spectre V2 : Mitigation: Full generic retpoline
Nov  2 19:21:55 debian kernel: [    0.568593] Spectre V2 : Spectre v2 / SpectreRSB mitigation: Filling RSB on context switch
Nov  2 19:21:55 debian kernel: [    0.568594] Speculative Store Bypass: Vulnerable
Nov  2 19:21:55 debian kernel: [    0.568623] SRBDS: Unknown: Dependent on hypervisor status
Nov  2 19:21:55 debian kernel: [    0.568623] MDS: Mitigation: Clear CPU buffers
Nov  2 19:21:55 debian kernel: [    0.568833] Freeing SMP alternatives memory: 24K
Nov  2 19:21:55 debian kernel: [    0.678628] smpboot: CPU0: Intel(R) Core(TM) i7-4790K CPU @ 4.00GHz (family: 0x6, model: 0x3c, stepping: 0x3)
Nov  2 19:21:55 debian kernel: [    0.678752] Performance Events: unsupported p6 CPU model 60 no PMU driver, software events only.
Nov  2 19:21:55 debian kernel: [    0.678783] rcu: Hierarchical SRCU implementation.
Nov  2 19:21:55 debian kernel: [    0.679076] random: crng done (trusting CPU's manufacturer)
Nov  2 19:21:55 debian kernel: [    0.679085] NMI watchdog: Perf NMI watchdog permanently disabled
Nov  2 19:21:55 debian kernel: [    0.679148] smp: Bringing up secondary CPUs ...
Nov  2 19:21:55 debian kernel: [    0.679231] x86: Booting SMP configuration:
Nov  2 19:21:55 debian kernel: [    0.679232] .... node  #0, CPUs:      #1
Nov  2 19:21:55 debian kernel: [    0.023071] kvm-clock: cpu 1, msr 1921ec041, secondary cpu clock
Nov  2 19:21:55 debian kernel: [    0.681591]  #2
Nov  2 19:21:55 debian kernel: [    0.023071] kvm-clock: cpu 2, msr 1921ec081, secondary cpu clock
Nov  2 19:21:55 debian kernel: [    0.682642]  #3
Nov  2 19:21:55 debian kernel: [    0.023071] kvm-clock: cpu 3, msr 1921ec0c1, secondary cpu clock
Nov  2 19:21:55 debian kernel: [    0.686579] smp: Brought up 1 node, 4 CPUs
Nov  2 19:21:55 debian kernel: [    0.686579] smpboot: Max logical packages: 1
Nov  2 19:21:55 debian kernel: [    0.686579] smpboot: Total of 4 processors activated (31999.95 BogoMIPS)
Nov  2 19:21:55 debian kernel: [    0.686790] devtmpfs: initialized
Nov  2 19:21:55 debian kernel: [    0.686790] x86/mm: Memory block size: 128MB
Nov  2 19:21:55 debian kernel: [    0.687848] clocksource: jiffies: mask: 0xffffffff max_cycles: 0xffffffff, max_idle_ns: 7645041785100000 ns
Nov  2 19:21:55 debian kernel: [    0.687848] futex hash table entries: 1024 (order: 4, 65536 bytes)
Nov  2 19:21:55 debian kernel: [    0.687848] pinctrl core: initialized pinctrl subsystem
Nov  2 19:21:55 debian kernel: [    0.687848] NET: Registered protocol family 16
Nov  2 19:21:55 debian kernel: [    0.687848] audit: initializing netlink subsys (disabled)
Nov  2 19:21:55 debian kernel: [    0.687848] audit: type=2000 audit(1635877316.875:1): state=initialized audit_enabled=0 res=1
Nov  2 19:21:55 debian kernel: [    0.687848] cpuidle: using governor ladder
Nov  2 19:21:55 debian kernel: [    0.687848] cpuidle: using governor menu
Nov  2 19:21:55 debian kernel: [    0.687848] ACPI: bus type PCI registered
Nov  2 19:21:55 debian kernel: [    0.687848] acpiphp: ACPI Hot Plug PCI Controller Driver version: 0.5
Nov  2 19:21:55 debian kernel: [    0.687848] PCI: Using configuration type 1 for base access
Nov  2 19:21:55 debian kernel: [    0.690599] HugeTLB registered 2.00 MiB page size, pre-allocated 0 pages
Nov  2 19:21:55 debian kernel: [    0.690642] ACPI: Added _OSI(Module Device)
Nov  2 19:21:55 debian kernel: [    0.690643] ACPI: Added _OSI(Processor Device)
Nov  2 19:21:55 debian kernel: [    0.690644] ACPI: Added _OSI(3.0 _SCP Extensions)
Nov  2 19:21:55 debian kernel: [    0.690646] ACPI: Added _OSI(Processor Aggregator Device)
Nov  2 19:21:55 debian kernel: [    0.690647] ACPI: Added _OSI(Linux-Dell-Video)
Nov  2 19:21:55 debian kernel: [    0.690648] ACPI: Added _OSI(Linux-Lenovo-NV-HDMI-Audio)
Nov  2 19:21:55 debian kernel: [    0.693382] ACPI: 2 ACPI AML tables successfully acquired and loaded
Nov  2 19:21:55 debian kernel: [    0.696275] ACPI: Interpreter enabled
Nov  2 19:21:55 debian kernel: [    0.696289] ACPI: (supports S0 S5)
Nov  2 19:21:55 debian kernel: [    0.696290] ACPI: Using IOAPIC for interrupt routing
Nov  2 19:21:55 debian kernel: [    0.696567] PCI: Using host bridge windows from ACPI; if necessary, use "pci=nocrs" and report a bug
Nov  2 19:21:55 debian kernel: [    0.696738] ACPI: Enabled 2 GPEs in block 00 to 07
Nov  2 19:21:55 debian kernel: [    0.703043] ACPI: PCI Root Bridge [PCI0] (domain 0000 [bus 00-ff])
Nov  2 19:21:55 debian kernel: [    0.703048] acpi PNP0A03:00: _OSC: OS supports [ASPM ClockPM Segments MSI]
Nov  2 19:21:55 debian kernel: [    0.703632] acpi PNP0A03:00: _OSC: not requesting OS control; OS requires [ExtendedConfig ASPM ClockPM MSI]
Nov  2 19:21:55 debian kernel: [    0.703642] acpi PNP0A03:00: fail to add MMCONFIG information, can't access extended PCI configuration space under this bridge.
Nov  2 19:21:55 debian kernel: [    0.704059] PCI host bridge to bus 0000:00
Nov  2 19:21:55 debian kernel: [    0.704061] pci_bus 0000:00: root bus resource [io  0x0000-0x0cf7 window]
Nov  2 19:21:55 debian kernel: [    0.704063] pci_bus 0000:00: root bus resource [io  0x0d00-0xffff window]
Nov  2 19:21:55 debian kernel: [    0.704065] pci_bus 0000:00: root bus resource [mem 0x000a0000-0x000bffff window]
Nov  2 19:21:55 debian kernel: [    0.704067] pci_bus 0000:00: root bus resource [mem 0xe0000000-0xfdffffff window]
Nov  2 19:21:55 debian kernel: [    0.704069] pci_bus 0000:00: root bus resource [bus 00-ff]
Nov  2 19:21:55 debian kernel: [    0.704115] pci 0000:00:00.0: [8086:1237] type 00 class 0x060000
Nov  2 19:21:55 debian kernel: [    0.704809] pci 0000:00:01.0: [8086:7000] type 00 class 0x060100
Nov  2 19:21:55 debian kernel: [    0.705633] pci 0000:00:01.1: [8086:7111] type 00 class 0x01018a
Nov  2 19:21:55 debian kernel: [    0.706032] pci 0000:00:01.1: reg 0x20: [io  0xd000-0xd00f]
Nov  2 19:21:55 debian kernel: [    0.706632] pci 0000:00:01.1: legacy IDE quirk: reg 0x10: [io  0x01f0-0x01f7]
Nov  2 19:21:55 debian kernel: [    0.706634] pci 0000:00:01.1: legacy IDE quirk: reg 0x14: [io  0x03f6]
Nov  2 19:21:55 debian kernel: [    0.706635] pci 0000:00:01.1: legacy IDE quirk: reg 0x18: [io  0x0170-0x0177]
Nov  2 19:21:55 debian kernel: [    0.706637] pci 0000:00:01.1: legacy IDE quirk: reg 0x1c: [io  0x0376]
Nov  2 19:21:55 debian kernel: [    0.706924] pci 0000:00:02.0: [15ad:0405] type 00 class 0x030000
Nov  2 19:21:55 debian kernel: [    0.710559] pci 0000:00:02.0: reg 0x10: [io  0xd010-0xd01f]
Nov  2 19:21:55 debian kernel: [    0.711490] pci 0000:00:02.0: reg 0x14: [mem 0xe0000000-0xe7ffffff pref]
Nov  2 19:21:55 debian kernel: [    0.715541] pci 0000:00:02.0: reg 0x18: [mem 0xf0000000-0xf01fffff]
Nov  2 19:21:55 debian kernel: [    0.731797] pci 0000:00:03.0: [8086:100e] type 00 class 0x020000
Nov  2 19:21:55 debian kernel: [    0.734605] pci 0000:00:03.0: reg 0x10: [mem 0xf0200000-0xf021ffff]
Nov  2 19:21:55 debian kernel: [    0.738634] pci 0000:00:03.0: reg 0x18: [io  0xd020-0xd027]
Nov  2 19:21:55 debian kernel: [    0.751227] pci 0000:00:04.0: [80ee:cafe] type 00 class 0x088000
Nov  2 19:21:55 debian kernel: [    0.754635] pci 0000:00:04.0: reg 0x10: [io  0xd040-0xd05f]
Nov  2 19:21:55 debian kernel: [    0.758670] pci 0000:00:04.0: reg 0x14: [mem 0xf0400000-0xf07fffff]
Nov  2 19:21:55 debian kernel: [    0.761423] pci 0000:00:04.0: reg 0x18: [mem 0xf0800000-0xf0803fff pref]
Nov  2 19:21:55 debian kernel: [    0.774810] pci 0000:00:06.0: [106b:003f] type 00 class 0x0c0310
Nov  2 19:21:55 debian kernel: [    0.777801] pci 0000:00:06.0: reg 0x10: [mem 0xf0804000-0xf0804fff]
Nov  2 19:21:55 debian kernel: [    0.794962] pci 0000:00:07.0: [8086:7113] type 00 class 0x068000
Nov  2 19:21:55 debian kernel: [    0.795400] pci 0000:00:07.0: quirk: [io  0x4000-0x403f] claimed by PIIX4 ACPI
Nov  2 19:21:55 debian kernel: [    0.795411] pci 0000:00:07.0: quirk: [io  0x4100-0x410f] claimed by PIIX4 SMB
Nov  2 19:21:55 debian kernel: [    0.795775] pci 0000:00:0b.0: [8086:265c] type 00 class 0x0c0320
Nov  2 19:21:55 debian kernel: [    0.798649] pci 0000:00:0b.0: reg 0x10: [mem 0xf0805000-0xf0805fff]
Nov  2 19:21:55 debian kernel: [    0.818763] pci 0000:00:0d.0: [8086:2829] type 00 class 0x010601
Nov  2 19:21:55 debian kernel: [    0.821641] pci 0000:00:0d.0: reg 0x10: [io  0xd060-0xd067]
Nov  2 19:21:55 debian kernel: [    0.822583] pci 0000:00:0d.0: reg 0x14: [io  0xd068-0xd06b]
Nov  2 19:21:55 debian kernel: [    0.825470] pci 0000:00:0d.0: reg 0x18: [io  0xd070-0xd077]
Nov  2 19:21:55 debian kernel: [    0.826632] pci 0000:00:0d.0: reg 0x1c: [io  0xd078-0xd07b]
Nov  2 19:21:55 debian kernel: [    0.830631] pci 0000:00:0d.0: reg 0x20: [io  0xd080-0xd08f]
Nov  2 19:21:55 debian kernel: [    0.833713] pci 0000:00:0d.0: reg 0x24: [mem 0xf0806000-0xf0807fff]
Nov  2 19:21:55 debian kernel: [    0.840470] ACPI: PCI Interrupt Link [LNKA] (IRQs 5 9 10 *11)
Nov  2 19:21:55 debian kernel: [    0.840822] ACPI: PCI Interrupt Link [LNKB] (IRQs 5 9 *10 11)
Nov  2 19:21:55 debian kernel: [    0.840938] ACPI: PCI Interrupt Link [LNKC] (IRQs 5 *9 10 11)
Nov  2 19:21:55 debian kernel: [    0.841055] ACPI: PCI Interrupt Link [LNKD] (IRQs 5 9 10 *11)
Nov  2 19:21:55 debian kernel: [    0.841216] pci 0000:00:02.0: vgaarb: setting as boot VGA device
Nov  2 19:21:55 debian kernel: [    0.841216] pci 0000:00:02.0: vgaarb: VGA device added: decodes=io+mem,owns=io+mem,locks=none
Nov  2 19:21:55 debian kernel: [    0.841216] pci 0000:00:02.0: vgaarb: bridge control possible
Nov  2 19:21:55 debian kernel: [    0.841216] vgaarb: loaded
Nov  2 19:21:55 debian kernel: [    0.841216] pps_core: LinuxPPS API ver. 1 registered
Nov  2 19:21:55 debian kernel: [    0.841216] pps_core: Software ver. 5.3.6 - Copyright 2005-2007 Rodolfo Giometti <giometti@linux.it>
Nov  2 19:21:55 debian kernel: [    0.841216] PTP clock support registered
Nov  2 19:21:55 debian kernel: [    0.841216] EDAC MC: Ver: 3.0.0
Nov  2 19:21:55 debian kernel: [    0.841216] PCI: Using ACPI for IRQ routing
Nov  2 19:21:55 debian kernel: [    0.841216] PCI: pci_cache_line_size set to 64 bytes
Nov  2 19:21:55 debian kernel: [    0.841216] e820: reserve RAM buffer [mem 0x0009fc00-0x0009ffff]
Nov  2 19:21:55 debian kernel: [    0.841216] e820: reserve RAM buffer [mem 0xdfff0000-0xdfffffff]
Nov  2 19:21:55 debian kernel: [    0.841216] clocksource: Switched to clocksource kvm-clock
Nov  2 19:21:55 debian kernel: [    0.857110] VFS: Disk quotas dquot_6.6.0
Nov  2 19:21:55 debian kernel: [    0.857127] VFS: Dquot-cache hash table entries: 512 (order 0, 4096 bytes)
Nov  2 19:21:55 debian kernel: [    0.857235] AppArmor: AppArmor Filesystem Enabled
Nov  2 19:21:55 debian kernel: [    0.857250] pnp: PnP ACPI init
Nov  2 19:21:55 debian kernel: [    0.857316] pnp 00:00: Plug and Play ACPI device, IDs PNP0303 (active)
Nov  2 19:21:55 debian kernel: [    0.857386] pnp 00:01: Plug and Play ACPI device, IDs PNP0f03 (active)
Nov  2 19:21:55 debian kernel: [    0.858259] pnp: PnP ACPI: found 2 devices
Nov  2 19:21:55 debian kernel: [    0.867819] clocksource: acpi_pm: mask: 0xffffff max_cycles: 0xffffff, max_idle_ns: 2085701024 ns
Nov  2 19:21:55 debian kernel: [    0.867827] pci_bus 0000:00: resource 4 [io  0x0000-0x0cf7 window]
Nov  2 19:21:55 debian kernel: [    0.867829] pci_bus 0000:00: resource 5 [io  0x0d00-0xffff window]
Nov  2 19:21:55 debian kernel: [    0.867831] pci_bus 0000:00: resource 6 [mem 0x000a0000-0x000bffff window]
Nov  2 19:21:55 debian kernel: [    0.867833] pci_bus 0000:00: resource 7 [mem 0xe0000000-0xfdffffff window]
Nov  2 19:21:55 debian kernel: [    0.867890] NET: Registered protocol family 2
Nov  2 19:21:55 debian kernel: [    0.867994] IP idents hash table entries: 131072 (order: 8, 1048576 bytes)
Nov  2 19:21:55 debian kernel: [    0.868678] tcp_listen_portaddr_hash hash table entries: 4096 (order: 4, 65536 bytes)
Nov  2 19:21:55 debian kernel: [    0.868723] TCP established hash table entries: 65536 (order: 7, 524288 bytes)
Nov  2 19:21:55 debian kernel: [    0.868991] TCP bind hash table entries: 65536 (order: 8, 1048576 bytes)
Nov  2 19:21:55 debian kernel: [    0.869203] TCP: Hash tables configured (established 65536 bind 65536)
Nov  2 19:21:55 debian kernel: [    0.869226] UDP hash table entries: 4096 (order: 5, 131072 bytes)
Nov  2 19:21:55 debian kernel: [    0.869268] UDP-Lite hash table entries: 4096 (order: 5, 131072 bytes)
Nov  2 19:21:55 debian kernel: [    0.869333] NET: Registered protocol family 1
Nov  2 19:21:55 debian kernel: [    0.869337] NET: Registered protocol family 44
Nov  2 19:21:55 debian kernel: [    0.869356] pci 0000:00:00.0: Limiting direct PCI/PCI transfers
Nov  2 19:21:55 debian kernel: [    0.869371] pci 0000:00:01.0: Activating ISA DMA hang workarounds
Nov  2 19:21:55 debian kernel: [    0.869432] pci 0000:00:02.0: Video device with shadowed ROM at [mem 0x000c0000-0x000dffff]
Nov  2 19:21:55 debian kernel: [    0.872476] PCI: CLS 0 bytes, default 64
Nov  2 19:21:55 debian kernel: [    0.872513] Unpacking initramfs...
Nov  2 19:21:55 debian kernel: [    1.390778] Freeing initrd memory: 25356K
Nov  2 19:21:55 debian kernel: [    1.390781] PCI-DMA: Using software bounce buffering for IO (SWIOTLB)
Nov  2 19:21:55 debian kernel: [    1.390783] software IO TLB: mapped [mem 0xdbff0000-0xdfff0000] (64MB)
Nov  2 19:21:55 debian kernel: [    1.390854] clocksource: tsc: mask: 0xffffffffffffffff max_cycles: 0x7350addb24f, max_idle_ns: 881590446805 ns
Nov  2 19:21:55 debian kernel: [    1.390883] platform rtc_cmos: registered platform RTC device (no PNP device found)
Nov  2 19:21:55 debian kernel: [    1.391503] Initialise system trusted keyrings
Nov  2 19:21:55 debian kernel: [    1.391509] Key type blacklist registered
Nov  2 19:21:55 debian kernel: [    1.391584] workingset: timestamp_bits=40 max_order=21 bucket_order=0
Nov  2 19:21:55 debian kernel: [    1.393594] zbud: loaded
Nov  2 19:21:55 debian kernel: [    1.539212] Key type asymmetric registered
Nov  2 19:21:55 debian kernel: [    1.539213] Asymmetric key parser 'x509' registered
Nov  2 19:21:55 debian kernel: [    1.539224] Block layer SCSI generic (bsg) driver version 0.4 loaded (major 247)
Nov  2 19:21:55 debian kernel: [    1.539276] io scheduler noop registered
Nov  2 19:21:55 debian kernel: [    1.539277] io scheduler deadline registered
Nov  2 19:21:55 debian kernel: [    1.539317] io scheduler cfq registered (default)
Nov  2 19:21:55 debian kernel: [    1.539318] io scheduler mq-deadline registered
Nov  2 19:21:55 debian kernel: [    1.539541] shpchp: Standard Hot Plug PCI Controller Driver version: 0.4
Nov  2 19:21:55 debian kernel: [    1.539554] intel_idle: Please enable MWAIT in BIOS SETUP
Nov  2 19:21:55 debian kernel: [    1.539862] Serial: 8250/16550 driver, 4 ports, IRQ sharing enabled
Nov  2 19:21:55 debian kernel: [    1.540430] Linux agpgart interface v0.103
Nov  2 19:21:55 debian kernel: [    1.540537] AMD IOMMUv2 driver by Joerg Roedel <jroedel@suse.de>
Nov  2 19:21:55 debian kernel: [    1.540538] AMD IOMMUv2 functionality not available on this system
Nov  2 19:21:55 debian kernel: [    1.540992] i8042: PNP: PS/2 Controller [PNP0303:PS2K,PNP0f03:PS2M] at 0x60,0x64 irq 1,12
Nov  2 19:21:55 debian kernel: [    1.541603] serio: i8042 KBD port at 0x60,0x64 irq 1
Nov  2 19:21:55 debian kernel: [    1.541608] serio: i8042 AUX port at 0x60,0x64 irq 12
Nov  2 19:21:55 debian kernel: [    1.541752] mousedev: PS/2 mouse device common for all mice
Nov  2 19:21:55 debian kernel: [    1.542108] rtc_cmos rtc_cmos: registered as rtc0
Nov  2 19:21:55 debian kernel: [    1.542125] rtc_cmos rtc_cmos: alarms up to one day, 114 bytes nvram
Nov  2 19:21:55 debian kernel: [    1.542276] ledtrig-cpu: registered to indicate activity on CPUs
Nov  2 19:21:55 debian kernel: [    1.542622] NET: Registered protocol family 10
Nov  2 19:21:55 debian kernel: [    1.542961] input: AT Translated Set 2 keyboard as /devices/platform/i8042/serio0/input/input0
Nov  2 19:21:55 debian kernel: [    1.550807] Segment Routing with IPv6
Nov  2 19:21:55 debian kernel: [    1.550828] mip6: Mobile IPv6
Nov  2 19:21:55 debian kernel: [    1.550830] NET: Registered protocol family 17
Nov  2 19:21:55 debian kernel: [    1.550878] mpls_gso: MPLS GSO support
Nov  2 19:21:55 debian kernel: [    1.551101] mce: Using 0 MCE banks
Nov  2 19:21:55 debian kernel: [    1.551113] sched_clock: Marking stable (1531998805, 19071739)->(1554348325, -3277781)
Nov  2 19:21:55 debian kernel: [    1.551704] registered taskstats version 1
Nov  2 19:21:55 debian kernel: [    1.551705] Loading compiled-in X.509 certificates
Nov  2 19:21:55 debian kernel: [    1.584736] Loaded X.509 cert 'Debian Secure Boot CA: 6ccece7e4c6c0d1f6149f3dd27dfcc5cbb419ea1'
Nov  2 19:21:55 debian kernel: [    1.584752] Loaded X.509 cert 'Debian Secure Boot Signer 2021 - linux: 4b6ef5abca669825178e052c84667ccbc0531f8c'
Nov  2 19:21:55 debian kernel: [    1.584772] zswap: loaded using pool lzo/zbud
Nov  2 19:21:55 debian kernel: [    1.585026] AppArmor: AppArmor sha1 policy hashing enabled
Nov  2 19:21:55 debian kernel: [    1.585348] rtc_cmos rtc_cmos: setting system clock to 2021-11-02 18:21:49 UTC (1635877309)
Nov  2 19:21:55 debian kernel: [    1.588511] Freeing unused kernel image memory: 1596K
Nov  2 19:21:55 debian kernel: [    1.606702] Write protecting the kernel read-only data: 16384k
Nov  2 19:21:55 debian kernel: [    1.607324] Freeing unused kernel image memory: 2028K
Nov  2 19:21:55 debian kernel: [    1.607529] Freeing unused kernel image memory: 764K
Nov  2 19:21:55 debian kernel: [    1.629612] x86/mm: Checked W+X mappings: passed, no W+X pages found.
Nov  2 19:21:55 debian kernel: [    1.629613] x86/mm: Checking user space page tables
Nov  2 19:21:55 debian kernel: [    1.651333] x86/mm: Checked W+X mappings: passed, no W+X pages found.
Nov  2 19:21:55 debian kernel: [    1.651335] Run /init as init process
Nov  2 19:21:55 debian kernel: [    1.714446] piix4_smbus 0000:00:07.0: SMBus Host Controller at 0x4100, revision 0
Nov  2 19:21:55 debian kernel: [    1.719463] e1000: Intel(R) PRO/1000 Network Driver - version 7.3.21-k8-NAPI
Nov  2 19:21:55 debian kernel: [    1.719464] e1000: Copyright (c) 1999-2006 Intel Corporation.
Nov  2 19:21:55 debian kernel: [    1.731529] cryptd: max_cpu_qlen set to 1000
Nov  2 19:21:55 debian kernel: [    1.732691] ACPI: bus type USB registered
Nov  2 19:21:55 debian kernel: [    1.732713] usbcore: registered new interface driver usbfs
Nov  2 19:21:55 debian kernel: [    1.732723] usbcore: registered new interface driver hub
Nov  2 19:21:55 debian kernel: [    1.732734] usbcore: registered new device driver usb
Nov  2 19:21:55 debian kernel: [    1.734688] SCSI subsystem initialized
Nov  2 19:21:55 debian kernel: [    1.741924] ehci_hcd: USB 2.0 'Enhanced' Host Controller (EHCI) Driver
Nov  2 19:21:55 debian kernel: [    1.743881] AVX2 version of gcm_enc/dec engaged.
Nov  2 19:21:55 debian kernel: [    1.743882] AES CTR mode by8 optimization enabled
Nov  2 19:21:55 debian kernel: [    1.744890] ohci_hcd: USB 1.1 'Open' Host Controller (OHCI) Driver
Nov  2 19:21:55 debian kernel: [    1.745750] ehci-pci: EHCI PCI platform driver
Nov  2 19:21:55 debian kernel: [    1.746533] ehci-pci 0000:00:0b.0: EHCI Host Controller
Nov  2 19:21:55 debian kernel: [    1.746539] ehci-pci 0000:00:0b.0: new USB bus registered, assigned bus number 1
Nov  2 19:21:55 debian kernel: [    1.751557] ehci-pci 0000:00:0b.0: irq 19, io mem 0xf0805000
Nov  2 19:21:55 debian kernel: [    1.759114] libata version 3.00 loaded.
Nov  2 19:21:55 debian kernel: [    1.760852] ata_piix 0000:00:01.1: version 2.13
Nov  2 19:21:55 debian kernel: [    1.761605] scsi host0: ata_piix
Nov  2 19:21:55 debian kernel: [    1.761763] scsi host1: ata_piix
Nov  2 19:21:55 debian kernel: [    1.761812] ata1: PATA max UDMA/33 cmd 0x1f0 ctl 0x3f6 bmdma 0xd000 irq 14
Nov  2 19:21:55 debian kernel: [    1.761813] ata2: PATA max UDMA/33 cmd 0x170 ctl 0x376 bmdma 0xd008 irq 15
Nov  2 19:21:55 debian kernel: [    1.764442] ahci 0000:00:0d.0: version 3.0
Nov  2 19:21:55 debian kernel: [    1.765477] ahci 0000:00:0d.0: SSS flag set, parallel bus scan disabled
Nov  2 19:21:55 debian kernel: [    1.765629] ahci 0000:00:0d.0: AHCI 0001.0100 32 slots 1 ports 3 Gbps 0x1 impl SATA mode
Nov  2 19:21:55 debian kernel: [    1.765632] ahci 0000:00:0d.0: flags: 64bit ncq stag only ccc 
Nov  2 19:21:55 debian kernel: [    1.765975] scsi host2: ahci
Nov  2 19:21:55 debian kernel: [    1.766063] ata3: SATA max UDMA/133 abar m8192@0xf0806000 port 0xf0806100 irq 21
Nov  2 19:21:55 debian kernel: [    1.766606] ehci-pci 0000:00:0b.0: USB 2.0 started, EHCI 1.00
Nov  2 19:21:55 debian kernel: [    1.766668] usb usb1: New USB device found, idVendor=1d6b, idProduct=0002, bcdDevice= 4.19
Nov  2 19:21:55 debian kernel: [    1.766670] usb usb1: New USB device strings: Mfr=3, Product=2, SerialNumber=1
Nov  2 19:21:55 debian kernel: [    1.766672] usb usb1: Product: EHCI Host Controller
Nov  2 19:21:55 debian kernel: [    1.766674] usb usb1: Manufacturer: Linux 4.19.0-18-amd64 ehci_hcd
Nov  2 19:21:55 debian kernel: [    1.766675] usb usb1: SerialNumber: 0000:00:0b.0
Nov  2 19:21:55 debian kernel: [    1.766783] hub 1-0:1.0: USB hub found
Nov  2 19:21:55 debian kernel: [    1.766790] hub 1-0:1.0: 12 ports detected
Nov  2 19:21:55 debian kernel: [    1.768057] ohci-pci: OHCI PCI platform driver
Nov  2 19:21:55 debian kernel: [    1.768829] ohci-pci 0000:00:06.0: OHCI PCI host controller
Nov  2 19:21:55 debian kernel: [    1.768834] ohci-pci 0000:00:06.0: new USB bus registered, assigned bus number 2
Nov  2 19:21:55 debian kernel: [    1.768957] ohci-pci 0000:00:06.0: irq 22, io mem 0xf0804000
Nov  2 19:21:55 debian kernel: [    1.826980] usb usb2: New USB device found, idVendor=1d6b, idProduct=0001, bcdDevice= 4.19
Nov  2 19:21:55 debian kernel: [    1.826982] usb usb2: New USB device strings: Mfr=3, Product=2, SerialNumber=1
Nov  2 19:21:55 debian kernel: [    1.826984] usb usb2: Product: OHCI PCI host controller
Nov  2 19:21:55 debian kernel: [    1.826986] usb usb2: Manufacturer: Linux 4.19.0-18-amd64 ohci_hcd
Nov  2 19:21:55 debian kernel: [    1.826987] usb usb2: SerialNumber: 0000:00:06.0
Nov  2 19:21:55 debian kernel: [    1.827119] hub 2-0:1.0: USB hub found
Nov  2 19:21:55 debian kernel: [    1.827144] hub 2-0:1.0: 12 ports detected
Nov  2 19:21:55 debian kernel: [    1.931011] ata2.00: ATAPI: VBOX CD-ROM, 1.0, max UDMA/133
Nov  2 19:21:55 debian kernel: [    1.931782] scsi 1:0:0:0: CD-ROM            VBOX     CD-ROM           1.0  PQ: 0 ANSI: 5
Nov  2 19:21:55 debian kernel: [    1.938401] input: ImExPS/2 Generic Explorer Mouse as /devices/platform/i8042/serio1/input/input2
Nov  2 19:21:55 debian kernel: [    2.094715] ata3: SATA link up 3.0 Gbps (SStatus 123 SControl 300)
Nov  2 19:21:55 debian kernel: [    2.094803] ata3.00: ATA-6: VBOX HARDDISK, 1.0, max UDMA/133
Nov  2 19:21:55 debian kernel: [    2.094805] ata3.00: 104857600 sectors, multi 128: LBA48 NCQ (depth 32)
Nov  2 19:21:55 debian kernel: [    2.094938] ata3.00: configured for UDMA/133
Nov  2 19:21:55 debian kernel: [    2.095037] scsi 2:0:0:0: Direct-Access     ATA      VBOX HARDDISK    1.0  PQ: 0 ANSI: 5
Nov  2 19:21:55 debian kernel: [    2.101071] sd 2:0:0:0: [sda] 104857600 512-byte logical blocks: (53.7 GB/50.0 GiB)
Nov  2 19:21:55 debian kernel: [    2.101077] sd 2:0:0:0: [sda] Write Protect is off
Nov  2 19:21:55 debian kernel: [    2.101079] sd 2:0:0:0: [sda] Mode Sense: 00 3a 00 00
Nov  2 19:21:55 debian kernel: [    2.101088] sd 2:0:0:0: [sda] Write cache: enabled, read cache: enabled, doesn't support DPO or FUA
Nov  2 19:21:55 debian kernel: [    2.101681]  sda: sda1 sda2 < sda5 >
Nov  2 19:21:55 debian kernel: [    2.101964] sd 2:0:0:0: [sda] Attached SCSI disk
Nov  2 19:21:55 debian kernel: [    2.127777] e1000 0000:00:03.0 eth0: (PCI:33MHz:32-bit) 08:00:27:14:62:2f
Nov  2 19:21:55 debian kernel: [    2.127781] e1000 0000:00:03.0 eth0: Intel(R) PRO/1000 Network Connection
Nov  2 19:21:55 debian kernel: [    2.128789] e1000 0000:00:03.0 enp0s3: renamed from eth0
Nov  2 19:21:55 debian kernel: [    2.143661] sr 1:0:0:0: [sr0] scsi3-mmc drive: 32x/32x xa/form2 tray
Nov  2 19:21:55 debian kernel: [    2.143663] cdrom: Uniform CD-ROM driver Revision: 3.20
Nov  2 19:21:55 debian kernel: [    2.143949] sr 1:0:0:0: Attached scsi CD-ROM sr0
Nov  2 19:21:55 debian kernel: [    2.158877] usb 2-1: new full-speed USB device number 2 using ohci-pci
Nov  2 19:21:55 debian kernel: [    3.131018] usb 2-1: New USB device found, idVendor=80ee, idProduct=0021, bcdDevice= 1.00
Nov  2 19:21:55 debian kernel: [    3.131020] usb 2-1: New USB device strings: Mfr=1, Product=3, SerialNumber=0
Nov  2 19:21:55 debian kernel: [    3.131022] usb 2-1: Product: USB Tablet
Nov  2 19:21:55 debian kernel: [    3.131023] usb 2-1: Manufacturer: VirtualBox
Nov  2 19:21:55 debian kernel: [    3.142943] hidraw: raw HID events driver (C) Jiri Kosina
Nov  2 19:21:55 debian kernel: [    3.160389] usbcore: registered new interface driver usbhid
Nov  2 19:21:55 debian kernel: [    3.160390] usbhid: USB HID core driver
Nov  2 19:21:55 debian kernel: [    3.162018] input: VirtualBox USB Tablet as /devices/pci0000:00/0000:00:06.0/usb2/2-1/2-1:1.0/0003:80EE:0021.0001/input/input3
Nov  2 19:21:55 debian kernel: [    3.162159] hid-generic 0003:80EE:0021.0001: input,hidraw0: USB HID v1.10 Mouse [VirtualBox USB Tablet] on usb-0000:00:06.0-1/input0
Nov  2 19:21:55 debian kernel: [    3.393003] PM: Image not found (code -22)
Nov  2 19:21:55 debian kernel: [    3.581460] EXT4-fs (sda1): mounted filesystem with ordered data mode. Opts: (null)
Nov  2 19:21:55 debian kernel: [    5.332524] EXT4-fs (sda1): re-mounted. Opts: errors=remount-ro
Nov  2 19:21:55 debian kernel: [    6.338762] ACPI: AC Adapter [AC] (on-line)
Nov  2 19:21:55 debian kernel: [    6.354465] input: Power Button as /devices/LNXSYSTM:00/LNXPWRBN:00/input/input4
Nov  2 19:21:55 debian kernel: [    6.354479] ACPI: Power Button [PWRF]
Nov  2 19:21:55 debian kernel: [    6.354567] input: Sleep Button as /devices/LNXSYSTM:00/LNXSLPBN:00/input/input5
Nov  2 19:21:55 debian kernel: [    6.354576] ACPI: Sleep Button [SLPF]
Nov  2 19:21:55 debian kernel: [    6.379520] input: PC Speaker as /devices/platform/pcspkr/input/input6
Nov  2 19:21:55 debian kernel: [    6.380631] ACPI: Video Device [GFX0] (multi-head: yes  rom: no  post: no)
Nov  2 19:21:55 debian kernel: [    6.380744] input: Video Bus as /devices/LNXSYSTM:00/LNXSYBUS:00/PNP0A03:00/LNXVIDEO:00/input/input7
Nov  2 19:21:55 debian kernel: [    6.383923] RAPL PMU: API unit is 2^-32 Joules, 4 fixed counters, 10737418240 ms ovfl timer
Nov  2 19:21:55 debian kernel: [    6.383924] RAPL PMU: hw unit of domain pp0-core 2^-0 Joules
Nov  2 19:21:55 debian kernel: [    6.383925] RAPL PMU: hw unit of domain package 2^-0 Joules
Nov  2 19:21:55 debian kernel: [    6.383926] RAPL PMU: hw unit of domain dram 2^-0 Joules
Nov  2 19:21:55 debian kernel: [    6.383927] RAPL PMU: hw unit of domain pp1-gpu 2^-0 Joules
Nov  2 19:21:55 debian kernel: [    6.477718] audit: type=1400 audit(1635877314.388:2): apparmor="STATUS" operation="profile_load" profile="unconfined" name="nvidia_modprobe" pid=304 comm="apparmor_parser"
Nov  2 19:21:55 debian kernel: [    6.478038] audit: type=1400 audit(1635877314.388:3): apparmor="STATUS" operation="profile_load" profile="unconfined" name="nvidia_modprobe//kmod" pid=304 comm="apparmor_parser"
Nov  2 19:21:55 debian kernel: [    6.550616] audit: type=1400 audit(1635877314.460:4): apparmor="STATUS" operation="profile_load" profile="unconfined" name="/usr/bin/man" pid=305 comm="apparmor_parser"
Nov  2 19:21:55 debian kernel: [    6.550896] audit: type=1400 audit(1635877314.464:5): apparmor="STATUS" operation="profile_load" profile="unconfined" name="man_filter" pid=305 comm="apparmor_parser"
Nov  2 19:21:55 debian kernel: [    6.551790] audit: type=1400 audit(1635877314.464:6): apparmor="STATUS" operation="profile_load" profile="unconfined" name="man_groff" pid=305 comm="apparmor_parser"
Nov  2 19:21:55 debian kernel: [    6.564251] vboxguest: host-version: 6.1.18r142142 0x8000000f
Nov  2 19:21:55 debian kernel: [    6.565037] vbg_heartbeat_init: Setting up heartbeat to trigger every 2000 milliseconds
Nov  2 19:21:55 debian kernel: [    6.565159] input: VirtualBox mouse integration as /devices/pci0000:00/0000:00:04.0/input/input8
Nov  2 19:21:55 debian kernel: [    6.570526] vboxguest: misc device minor 58, IRQ 20, I/O port d040, MMIO at 0x00000000f0400000 (size 0x0000000000400000)
Nov  2 19:21:55 debian kernel: [    6.570544] sr 1:0:0:0: Attached scsi generic sg0 type 5
Nov  2 19:21:55 debian kernel: [    6.570579] sd 2:0:0:0: Attached scsi generic sg1 type 0
Nov  2 19:21:55 debian kernel: [    6.826166] [drm] DMA map mode: Using physical TTM page addresses.
Nov  2 19:21:55 debian kernel: [    6.826217] [drm] Capabilities:
Nov  2 19:21:55 debian kernel: [    6.826218] [drm]   Cursor.
Nov  2 19:21:55 debian kernel: [    6.826218] [drm]   Cursor bypass 2.
Nov  2 19:21:55 debian kernel: [    6.826219] [drm]   Alpha cursor.
Nov  2 19:21:55 debian kernel: [    6.826219] [drm]   3D.
Nov  2 19:21:55 debian kernel: [    6.826220] [drm]   Extended Fifo.
Nov  2 19:21:55 debian kernel: [    6.826220] [drm]   Pitchlock.
Nov  2 19:21:55 debian kernel: [    6.826221] [drm]   Irq mask.
Nov  2 19:21:55 debian kernel: [    6.826221] [drm]   GMR.
Nov  2 19:21:55 debian kernel: [    6.826222] [drm]   Traces.
Nov  2 19:21:55 debian kernel: [    6.826222] [drm]   GMR2.
Nov  2 19:21:55 debian kernel: [    6.826223] [drm]   Screen Object 2.
Nov  2 19:21:55 debian kernel: [    6.826224] [drm] Max GMR ids is 8192
Nov  2 19:21:55 debian kernel: [    6.826225] [drm] Max number of GMR pages is 1048576
Nov  2 19:21:55 debian kernel: [    6.826225] [drm] Max dedicated hypervisor surface memory is 393216 kiB
Nov  2 19:21:55 debian kernel: [    6.826226] [drm] Maximum display memory size is 131072 kiB
Nov  2 19:21:55 debian kernel: [    6.826227] [drm] VRAM at 0xe0000000 size is 131072 kiB
Nov  2 19:21:55 debian kernel: [    6.826228] [drm] MMIO at 0xf0000000 size is 2048 kiB
Nov  2 19:21:55 debian kernel: [    6.826229] [drm] global init.
Nov  2 19:21:55 debian kernel: [    6.826321] [TTM] Zone  kernel: Available graphics memory: 4084962 kiB
Nov  2 19:21:55 debian kernel: [    6.826322] [TTM] Zone   dma32: Available graphics memory: 2097152 kiB
Nov  2 19:21:55 debian kernel: [    6.826323] [TTM] Initializing pool allocator
Nov  2 19:21:55 debian kernel: [    6.826331] [TTM] Initializing DMA pool allocator
Nov  2 19:21:55 debian kernel: [    6.826561] [drm] Supports vblank timestamp caching Rev 2 (21.10.2013).
Nov  2 19:21:55 debian kernel: [    6.826561] [drm] No driver support for vblank timestamp query.
Nov  2 19:21:55 debian kernel: [    6.826907] [drm] Screen Objects Display Unit initialized
Nov  2 19:21:55 debian kernel: [    6.826976] [drm] width 720
Nov  2 19:21:55 debian kernel: [    6.826986] [drm] height 400
Nov  2 19:21:55 debian kernel: [    6.826996] [drm] bpp 32
Nov  2 19:21:55 debian kernel: [    6.827196] [drm] Fifo max 0x00200000 min 0x00001000 cap 0x00000355
Nov  2 19:21:55 debian kernel: [    6.827203] [drm] DX: no.
Nov  2 19:21:55 debian kernel: [    6.827204] [drm] Atomic: yes.
Nov  2 19:21:55 debian kernel: [    6.827204] [drm] SM4_1: no.
Nov  2 19:21:55 debian kernel: [    6.827223] [drm:vmw_host_log [vmwgfx]] *ERROR* Failed to send host log message.
Nov  2 19:21:55 debian kernel: [    6.828208] [drm:vmw_host_log [vmwgfx]] *ERROR* Failed to send host log message.
Nov  2 19:21:55 debian kernel: [    6.830663] fbcon: svgadrmfb (fb0) is primary device
Nov  2 19:21:55 debian kernel: [    6.835008] Console: switching to colour frame buffer device 100x37
Nov  2 19:21:55 debian kernel: [    6.838204] [drm] Initialized vmwgfx 2.15.0 20180704 for 0000:00:02.0 on minor 0
Nov  2 19:21:55 debian kernel: [    7.147435] Adding 998396k swap on /dev/sda5.  Priority:-2 extents:1 across:998396k FS
Nov  2 19:21:55 debian kernel: [    7.274919] IPv6: ADDRCONF(NETDEV_UP): enp0s3: link is not ready
Nov  2 19:21:55 debian kernel: [    7.279808] e1000: enp0s3 NIC Link is Up 1000 Mbps Full Duplex, Flow Control: RX
Nov  2 19:21:55 debian kernel: [    7.280286] IPv6: ADDRCONF(NETDEV_CHANGE): enp0s3: link becomes ready
